PASS pytorch torch.float32 (0, 5, 2, 7, 13) uniform
PASS grouped torch.float32 (0, 5, 2, 7, 13) uniform
PASS torch-compiled torch.float32 (0, 5, 2, 7, 13) uniform
PASS triton torch.float32 (0, 5, 2, 7, 13) uniform
PASS pytorch torch.float32 (0, 5, 2, 7, 13) skewed
PASS grouped torch.float32 (0, 5, 2, 7, 13) skewed
PASS torch-compiled torch.float32 (0, 5, 2, 7, 13) skewed
PASS triton torch.float32 (0, 5, 2, 7, 13) skewed
PASS pytorch torch.float32 (1, 1, 1, 7, 13) uniform
PASS grouped torch.float32 (1, 1, 1, 7, 13) uniform
/usr/local/lib/python3.12/dist-packages/torch/_inductor/compile_fx.py:282: UserWarning: TensorFloat32 tensor cores for float32 matrix multiplication available but not enabled. Consider setting `torch.set_float32_matmul_precision('high')` for better performance.
  warnings.warn(
PASS torch-compiled torch.float32 (1, 1, 1, 7, 13) uniform
PASS triton torch.float32 (1, 1, 1, 7, 13) uniform
PASS pytorch torch.float32 (1, 1, 1, 7, 13) skewed
PASS grouped torch.float32 (1, 1, 1, 7, 13) skewed
PASS torch-compiled torch.float32 (1, 1, 1, 7, 13) skewed
PASS triton torch.float32 (1, 1, 1, 7, 13) skewed
PASS pytorch torch.float32 (17, 5, 2, 37, 71) uniform
PASS grouped torch.float32 (17, 5, 2, 37, 71) uniform
PASS torch-compiled torch.float32 (17, 5, 2, 37, 71) uniform
PASS triton torch.float32 (17, 5, 2, 37, 71) uniform
PASS pytorch torch.float32 (17, 5, 2, 37, 71) skewed
PASS grouped torch.float32 (17, 5, 2, 37, 71) skewed
PASS torch-compiled torch.float32 (17, 5, 2, 37, 71) skewed
PASS triton torch.float32 (17, 5, 2, 37, 71) skewed
PASS pytorch torch.float32 (65, 5, 5, 19, 33) uniform
PASS grouped torch.float32 (65, 5, 5, 19, 33) uniform
PASS torch-compiled torch.float32 (65, 5, 5, 19, 33) uniform
PASS triton torch.float32 (65, 5, 5, 19, 33) uniform
PASS pytorch torch.float32 (65, 5, 5, 19, 33) skewed
PASS grouped torch.float32 (65, 5, 5, 19, 33) skewed
PASS torch-compiled torch.float32 (65, 5, 5, 19, 33) skewed
PASS triton torch.float32 (65, 5, 5, 19, 33) skewed
PASS pytorch torch.float16 (0, 5, 2, 7, 13) uniform
PASS grouped torch.float16 (0, 5, 2, 7, 13) uniform
PASS torch-compiled torch.float16 (0, 5, 2, 7, 13) uniform
PASS triton torch.float16 (0, 5, 2, 7, 13) uniform
PASS pytorch torch.float16 (0, 5, 2, 7, 13) skewed
PASS grouped torch.float16 (0, 5, 2, 7, 13) skewed
PASS torch-compiled torch.float16 (0, 5, 2, 7, 13) skewed
PASS triton torch.float16 (0, 5, 2, 7, 13) skewed
PASS pytorch torch.float16 (1, 1, 1, 7, 13) uniform
PASS grouped torch.float16 (1, 1, 1, 7, 13) uniform
PASS torch-compiled torch.float16 (1, 1, 1, 7, 13) uniform
PASS triton torch.float16 (1, 1, 1, 7, 13) uniform
PASS pytorch torch.float16 (1, 1, 1, 7, 13) skewed
PASS grouped torch.float16 (1, 1, 1, 7, 13) skewed
PASS torch-compiled torch.float16 (1, 1, 1, 7, 13) skewed
PASS triton torch.float16 (1, 1, 1, 7, 13) skewed
PASS pytorch torch.float16 (17, 5, 2, 37, 71) uniform
PASS grouped torch.float16 (17, 5, 2, 37, 71) uniform
PASS torch-compiled torch.float16 (17, 5, 2, 37, 71) uniform
PASS triton torch.float16 (17, 5, 2, 37, 71) uniform
PASS pytorch torch.float16 (17, 5, 2, 37, 71) skewed
PASS grouped torch.float16 (17, 5, 2, 37, 71) skewed
PASS torch-compiled torch.float16 (17, 5, 2, 37, 71) skewed
PASS triton torch.float16 (17, 5, 2, 37, 71) skewed
PASS pytorch torch.float16 (65, 5, 5, 19, 33) uniform
PASS grouped torch.float16 (65, 5, 5, 19, 33) uniform
PASS torch-compiled torch.float16 (65, 5, 5, 19, 33) uniform
PASS triton torch.float16 (65, 5, 5, 19, 33) uniform
PASS pytorch torch.float16 (65, 5, 5, 19, 33) skewed
PASS grouped torch.float16 (65, 5, 5, 19, 33) skewed
PASS torch-compiled torch.float16 (65, 5, 5, 19, 33) skewed
PASS triton torch.float16 (65, 5, 5, 19, 33) skewed
PASS pytorch torch.bfloat16 (0, 5, 2, 7, 13) uniform
PASS grouped torch.bfloat16 (0, 5, 2, 7, 13) uniform
PASS torch-compiled torch.bfloat16 (0, 5, 2, 7, 13) uniform
PASS triton torch.bfloat16 (0, 5, 2, 7, 13) uniform
PASS pytorch torch.bfloat16 (0, 5, 2, 7, 13) skewed
PASS grouped torch.bfloat16 (0, 5, 2, 7, 13) skewed
PASS torch-compiled torch.bfloat16 (0, 5, 2, 7, 13) skewed
PASS triton torch.bfloat16 (0, 5, 2, 7, 13) skewed
PASS pytorch torch.bfloat16 (1, 1, 1, 7, 13) uniform
PASS grouped torch.bfloat16 (1, 1, 1, 7, 13) uniform
PASS torch-compiled torch.bfloat16 (1, 1, 1, 7, 13) uniform
PASS triton torch.bfloat16 (1, 1, 1, 7, 13) uniform
PASS pytorch torch.bfloat16 (1, 1, 1, 7, 13) skewed
PASS grouped torch.bfloat16 (1, 1, 1, 7, 13) skewed
PASS torch-compiled torch.bfloat16 (1, 1, 1, 7, 13) skewed
PASS triton torch.bfloat16 (1, 1, 1, 7, 13) skewed
PASS pytorch torch.bfloat16 (17, 5, 2, 37, 71) uniform
PASS grouped torch.bfloat16 (17, 5, 2, 37, 71) uniform
PASS torch-compiled torch.bfloat16 (17, 5, 2, 37, 71) uniform
PASS triton torch.bfloat16 (17, 5, 2, 37, 71) uniform
PASS pytorch torch.bfloat16 (17, 5, 2, 37, 71) skewed
PASS grouped torch.bfloat16 (17, 5, 2, 37, 71) skewed
PASS torch-compiled torch.bfloat16 (17, 5, 2, 37, 71) skewed
PASS triton torch.bfloat16 (17, 5, 2, 37, 71) skewed
PASS pytorch torch.bfloat16 (65, 5, 5, 19, 33) uniform
PASS grouped torch.bfloat16 (65, 5, 5, 19, 33) uniform
PASS torch-compiled torch.bfloat16 (65, 5, 5, 19, 33) uniform
PASS triton torch.bfloat16 (65, 5, 5, 19, 33) uniform
PASS pytorch torch.bfloat16 (65, 5, 5, 19, 33) skewed
PASS grouped torch.bfloat16 (65, 5, 5, 19, 33) skewed
PASS torch-compiled torch.bfloat16 (65, 5, 5, 19, 33) skewed
PASS triton torch.bfloat16 (65, 5, 5, 19, 33) skewed
